2014-10-27 21:21:59 UTC
# cycles 10 size 1202 # initializations 36 # procs 1
Using non-blocking sends and receives
Reorder enabled
Using 1x1 cartesian grid
cycle 0
results for size 1202 test with 10 cycles 1 num procs
total time 0.042833328
communication, computation, gather (mem, comm)
0.000120401
0.035846949
0.006865978 (0.002580881, 0.004285097)
2014-10-27 21:21:59 UTC
2014-10-27 21:21:59 UTC
# cycles 10 size 1202 # initializations 36 # procs 1
Using non-blocking sends and receives
Reorder enabled
Using 1x1 cartesian grid
cycle 0
results for size 1202 test with 10 cycles 1 num procs
total time 0.041606665
communication, computation, gather (mem, comm)
0.000839949
0.035995483
0.004771233 (0.001449823, 0.003321409)
2014-10-27 21:21:59 UTC
2014-10-27 21:22:00 UTC
# cycles 10 size 1202 # initializations 36 # procs 1
Using non-blocking sends and receives
Reorder enabled
Using 1x1 cartesian grid
cycle 0
results for size 1202 test with 10 cycles 1 num procs
total time 0.042418480
communication, computation, gather (mem, comm)
0.000417709
0.036318064
0.005682707 (0.002305746, 0.003376961)
2014-10-27 21:22:00 UTC
2014-10-27 21:22:00 UTC
# cycles 10 size 1202 # initializations 36 # procs 1
Using non-blocking sends and receives
Reorder enabled
Using 1x1 cartesian grid
cycle 0
results for size 1202 test with 10 cycles 1 num procs
total time 0.042850256
communication, computation, gather (mem, comm)
0.000098467
0.037976742
0.004775047 (0.002130985, 0.002644062)
2014-10-27 21:22:00 UTC
2014-10-27 21:22:02 UTC
# cycles 10 size 1202 # initializations 36 # procs 1
Using non-blocking sends and receives
Reorder enabled
Using 1x1 cartesian grid
cycle 0
results for size 1202 test with 10 cycles 1 num procs
total time 0.039337873
communication, computation, gather (mem, comm)
0.000280857
0.034553528
0.004503489 (0.001753092, 0.002750397)
2014-10-27 21:22:02 UTC
2014-10-27 21:22:02 UTC
# cycles 10 size 1202 # initializations 36 # procs 4
Using non-blocking sends and receives
Reorder enabled
Using 2x2 cartesian grid
cycle 0
results for size 1202 test with 10 cycles 4 num procs
total time 0.039362431
communication, computation, gather (mem, comm)
0.001208782
0.033665180
0.004488468 (0.000722170, 0.003766298)
2014-10-27 21:22:02 UTC
2014-10-27 21:22:04 UTC
# cycles 10 size 1202 # initializations 36 # procs 4
Using non-blocking sends and receives
Reorder enabled
Using 2x2 cartesian grid
cycle 0
results for size 1202 test with 10 cycles 4 num procs
total time 0.054751158
communication, computation, gather (mem, comm)
0.021178961
0.028063059
0.005509138 (0.000479460, 0.005029678)
2014-10-27 21:22:04 UTC
2014-10-27 21:22:04 UTC
# cycles 10 size 1202 # initializations 36 # procs 4
Using non-blocking sends and receives
Reorder enabled
Using 2x2 cartesian grid
cycle 0
results for size 1202 test with 10 cycles 4 num procs
total time 0.041836500
communication, computation, gather (mem, comm)
0.001167774
0.034913540
0.005755186 (0.000429392, 0.005325794)
2014-10-27 21:22:04 UTC
2014-10-27 21:22:05 UTC
# cycles 10 size 1202 # initializations 36 # procs 4
Using non-blocking sends and receives
Reorder enabled
Using 2x2 cartesian grid
cycle 0
results for size 1202 test with 10 cycles 4 num procs
total time 0.042636395
communication, computation, gather (mem, comm)
0.004829645
0.031942844
0.005863905 (0.000498533, 0.005365372)
2014-10-27 21:22:05 UTC
2014-10-27 21:22:05 UTC
# cycles 10 size 1202 # initializations 36 # procs 4
Using non-blocking sends and receives
Reorder enabled
Using 2x2 cartesian grid
cycle 0
results for size 1202 test with 10 cycles 4 num procs
total time 0.058000565
communication, computation, gather (mem, comm)
0.026962519
0.024398088
0.006639957 (0.000528574, 0.006111383)
2014-10-27 21:22:05 UTC
2014-10-27 21:22:06 UTC
# cycles 10 size 1202 # initializations 36 # procs 16
Using non-blocking sends and receives
Reorder enabled
Using 4x4 cartesian grid
cycle 0
results for size 1202 test with 10 cycles 16 num procs
total time 0.519107819
communication, computation, gather (mem, comm)
0.265073538
0.003372669
0.250661612 (0.000326157, 0.250335455)
2014-10-27 21:22:07 UTC
2014-10-27 21:22:09 UTC
# cycles 10 size 1202 # initializations 36 # procs 16
Using non-blocking sends and receives
Reorder enabled
Using 4x4 cartesian grid
cycle 0
results for size 1202 test with 10 cycles 16 num procs
total time 0.519271135
communication, computation, gather (mem, comm)
0.269202948
0.002461910
0.247606277 (0.000152588, 0.247453690)
2014-10-27 21:22:10 UTC
2014-10-27 21:22:12 UTC
# cycles 10 size 1202 # initializations 36 # procs 16
Using non-blocking sends and receives
Reorder enabled
Using 4x4 cartesian grid
cycle 0
results for size 1202 test with 10 cycles 16 num procs
total time 0.626784801
communication, computation, gather (mem, comm)
0.231078148
0.003908634
0.391798019 (0.000271797, 0.391526222)
2014-10-27 21:22:13 UTC
2014-10-27 21:22:15 UTC
# cycles 10 size 1202 # initializations 36 # procs 16
Using non-blocking sends and receives
Reorder enabled
Using 4x4 cartesian grid
cycle 0
results for size 1202 test with 10 cycles 16 num procs
total time 0.416515827
communication, computation, gather (mem, comm)
0.215852022
0.003607988
0.197055817 (0.000145674, 0.196910143)
2014-10-27 21:22:16 UTC
2014-10-27 21:22:18 UTC
# cycles 10 size 1202 # initializations 36 # procs 16
Using non-blocking sends and receives
Reorder enabled
Using 4x4 cartesian grid
cycle 0
results for size 1202 test with 10 cycles 16 num procs
total time 0.423343420
communication, computation, gather (mem, comm)
0.226033688
0.010810614
0.186499119 (0.000148296, 0.186350822)
2014-10-27 21:22:19 UTC
2014-10-27 21:22:20 UTC
# cycles 10 size 1602 # initializations 36 # procs 1
Using non-blocking sends and receives
Reorder enabled
Using 1x1 cartesian grid
cycle 0
results for size 1602 test with 10 cycles 1 num procs
total time 0.071253061
communication, computation, gather (mem, comm)
0.000209570
0.060665607
0.010377884 (0.004017830, 0.006360054)
2014-10-27 21:22:21 UTC
2014-10-27 21:22:21 UTC
# cycles 10 size 1602 # initializations 36 # procs 1
Using non-blocking sends and receives
Reorder enabled
Using 1x1 cartesian grid
cycle 0
results for size 1602 test with 10 cycles 1 num procs
total time 0.074792147
communication, computation, gather (mem, comm)
0.000140667
0.062997103
0.011654377 (0.003671646, 0.007982731)
2014-10-27 21:22:21 UTC
2014-10-27 21:22:22 UTC
# cycles 10 size 1602 # initializations 36 # procs 1
Using non-blocking sends and receives
Reorder enabled
Using 1x1 cartesian grid
cycle 0
results for size 1602 test with 10 cycles 1 num procs
total time 0.071096897
communication, computation, gather (mem, comm)
0.000097990
0.062227726
0.008771181 (0.003372431, 0.005398750)
2014-10-27 21:22:22 UTC
2014-10-27 21:22:23 UTC
# cycles 10 size 1602 # initializations 36 # procs 1
Using non-blocking sends and receives
Reorder enabled
Using 1x1 cartesian grid
cycle 0
results for size 1602 test with 10 cycles 1 num procs
total time 0.071589470
communication, computation, gather (mem, comm)
0.000123978
0.061104298
0.010361195 (0.004317760, 0.006043434)
2014-10-27 21:22:23 UTC
2014-10-27 21:22:25 UTC
# cycles 10 size 1602 # initializations 36 # procs 1
Using non-blocking sends and receives
Reorder enabled
Using 1x1 cartesian grid
cycle 0
results for size 1602 test with 10 cycles 1 num procs
total time 0.086667776
communication, computation, gather (mem, comm)
0.000122309
0.076323271
0.010222197 (0.004069805, 0.006152391)
2014-10-27 21:22:25 UTC
2014-10-27 21:22:26 UTC
# cycles 10 size 1602 # initializations 36 # procs 4
Using non-blocking sends and receives
Reorder enabled
Using 2x2 cartesian grid
cycle 0
results for size 1602 test with 10 cycles 4 num procs
total time 0.102413177
communication, computation, gather (mem, comm)
0.025575638
0.064897299
0.011940241 (0.000984669, 0.010955572)
2014-10-27 21:22:26 UTC
2014-10-27 21:22:27 UTC
# cycles 10 size 1602 # initializations 36 # procs 4
Using non-blocking sends and receives
Reorder enabled
Using 2x2 cartesian grid
cycle 0
results for size 1602 test with 10 cycles 4 num procs
total time 0.070488453
communication, computation, gather (mem, comm)
0.008325577
0.054022074
0.008140802 (0.000977516, 0.007163286)
2014-10-27 21:22:27 UTC
2014-10-27 21:22:28 UTC
# cycles 10 size 1602 # initializations 36 # procs 4
Using non-blocking sends and receives
Reorder enabled
Using 2x2 cartesian grid
cycle 0
results for size 1602 test with 10 cycles 4 num procs
total time 0.071112394
communication, computation, gather (mem, comm)
0.002481222
0.059215307
0.009415865 (0.001462460, 0.007953405)
2014-10-27 21:22:28 UTC
2014-10-27 21:22:29 UTC
# cycles 10 size 1602 # initializations 36 # procs 4
Using non-blocking sends and receives
Reorder enabled
Using 2x2 cartesian grid
cycle 0
results for size 1602 test with 10 cycles 4 num procs
total time 0.071826696
communication, computation, gather (mem, comm)
0.012464762
0.051546335
0.007815599 (0.000852108, 0.006963491)
2014-10-27 21:22:29 UTC
2014-10-27 21:22:30 UTC
# cycles 10 size 1602 # initializations 36 # procs 4
Using non-blocking sends and receives
Reorder enabled
Using 2x2 cartesian grid
cycle 0
results for size 1602 test with 10 cycles 4 num procs
total time 0.081527710
communication, computation, gather (mem, comm)
0.001374245
0.070397377
0.009756088 (0.000985861, 0.008770227)
2014-10-27 21:22:30 UTC
2014-10-27 21:22:32 UTC
# cycles 10 size 1602 # initializations 36 # procs 16
Using non-blocking sends and receives
Reorder enabled
Using 4x4 cartesian grid
cycle 0
results for size 1602 test with 10 cycles 16 num procs
total time 0.361085892
communication, computation, gather (mem, comm)
0.202814817
0.005846500
0.152424574 (0.000321865, 0.152102709)
2014-10-27 21:22:33 UTC
2014-10-27 21:22:36 UTC
# cycles 10 size 1602 # initializations 36 # procs 16
Using non-blocking sends and receives
Reorder enabled
Using 4x4 cartesian grid
cycle 0
results for size 1602 test with 10 cycles 16 num procs
total time 0.655625582
communication, computation, gather (mem, comm)
0.185839653
0.007471800
0.462314129 (0.000176907, 0.462137222)
2014-10-27 21:22:37 UTC
2014-10-27 21:22:41 UTC
# cycles 10 size 1602 # initializations 36 # procs 16
Using non-blocking sends and receives
Reorder enabled
Using 4x4 cartesian grid
cycle 0
results for size 1602 test with 10 cycles 16 num procs
total time 0.641739845
communication, computation, gather (mem, comm)
0.226274729
0.011386633
0.404078484 (0.000197172, 0.403881311)
2014-10-27 21:22:42 UTC
2014-10-27 21:22:45 UTC
# cycles 10 size 1602 # initializations 36 # procs 16
Using non-blocking sends and receives
Reorder enabled
Using 4x4 cartesian grid
cycle 0
results for size 1602 test with 10 cycles 16 num procs
total time 0.902583361
communication, computation, gather (mem, comm)
0.248590946
0.027128220
0.626864195 (0.000268459, 0.626595736)
2014-10-27 21:22:47 UTC
2014-10-27 21:22:51 UTC
# cycles 10 size 1602 # initializations 36 # procs 16
Using non-blocking sends and receives
Reorder enabled
Using 4x4 cartesian grid
cycle 0
results for size 1602 test with 10 cycles 16 num procs
total time 0.617426872
communication, computation, gather (mem, comm)
0.218346357
0.026273251
0.372807264 (0.000281811, 0.372525454)
2014-10-27 21:22:52 UTC
2014-10-27 21:22:56 UTC
# cycles 10 size 2402 # initializations 36 # procs 1
Using non-blocking sends and receives
Reorder enabled
Using 1x1 cartesian grid
cycle 0
results for size 2402 test with 10 cycles 1 num procs
total time 0.182130575
communication, computation, gather (mem, comm)
0.000200272
0.168966770
0.012963533 (0.000012636, 0.012950897)
2014-10-27 21:22:56 UTC
2014-10-27 21:22:58 UTC
# cycles 10 size 2402 # initializations 36 # procs 1
Using non-blocking sends and receives
Reorder enabled
Using 1x1 cartesian grid
cycle 0
results for size 2402 test with 10 cycles 1 num procs
total time 0.192749739
communication, computation, gather (mem, comm)
0.000153542
0.179357529
0.013238668 (0.000252485, 0.012986183)
2014-10-27 21:22:59 UTC
2014-10-27 21:23:01 UTC
# cycles 10 size 2402 # initializations 36 # procs 1
Using non-blocking sends and receives
Reorder enabled
Using 1x1 cartesian grid
cycle 0
results for size 2402 test with 10 cycles 1 num procs
total time 0.170745611
communication, computation, gather (mem, comm)
0.000109911
0.154164314
0.016471386 (0.000303268, 0.016168118)
2014-10-27 21:23:02 UTC
2014-10-27 21:23:04 UTC
# cycles 10 size 2402 # initializations 36 # procs 1
Using non-blocking sends and receives
Reorder enabled
Using 1x1 cartesian grid
cycle 0
results for size 2402 test with 10 cycles 1 num procs
total time 0.158879280
communication, computation, gather (mem, comm)
0.000141621
0.147700071
0.011037588 (0.000192165, 0.010845423)
2014-10-27 21:23:04 UTC
2014-10-27 21:23:05 UTC
# cycles 10 size 2402 # initializations 36 # procs 1
Using non-blocking sends and receives
Reorder enabled
Using 1x1 cartesian grid
cycle 0
results for size 2402 test with 10 cycles 1 num procs
total time 0.159379482
communication, computation, gather (mem, comm)
0.000108719
0.147219181
0.012051582 (0.000287533, 0.011764050)
2014-10-27 21:23:05 UTC
2014-10-27 21:23:07 UTC
# cycles 10 size 2402 # initializations 36 # procs 4
Using non-blocking sends and receives
Reorder enabled
Using 2x2 cartesian grid
cycle 0
results for size 2402 test with 10 cycles 4 num procs
total time 0.169738293
communication, computation, gather (mem, comm)
0.025793552
0.125748158
0.018196583 (0.000136614, 0.018059969)
2014-10-27 21:23:07 UTC
2014-10-27 21:23:09 UTC
# cycles 10 size 2402 # initializations 36 # procs 4
Using non-blocking sends and receives
Reorder enabled
Using 2x2 cartesian grid
cycle 0
results for size 2402 test with 10 cycles 4 num procs
total time 0.175763607
communication, computation, gather (mem, comm)
0.013423681
0.130873442
0.031466484 (0.000154495, 0.031311989)
2014-10-27 21:23:09 UTC
2014-10-27 21:23:11 UTC
# cycles 10 size 2402 # initializations 36 # procs 4
Using non-blocking sends and receives
Reorder enabled
Using 2x2 cartesian grid
cycle 0
results for size 2402 test with 10 cycles 4 num procs
total time 0.195515633
communication, computation, gather (mem, comm)
0.046734810
0.116736412
0.032044411 (0.000158072, 0.031886339)
2014-10-27 21:23:11 UTC
2014-10-27 21:23:14 UTC
# cycles 10 size 2402 # initializations 36 # procs 4
Using non-blocking sends and receives
Reorder enabled
Using 2x2 cartesian grid
cycle 0
results for size 2402 test with 10 cycles 4 num procs
total time 0.161026716
communication, computation, gather (mem, comm)
0.002766371
0.140439034
0.017821312 (0.000284910, 0.017536402)
2014-10-27 21:23:14 UTC
2014-10-27 21:23:17 UTC
# cycles 10 size 2402 # initializations 36 # procs 4
Using non-blocking sends and receives
Reorder enabled
Using 2x2 cartesian grid
cycle 0
results for size 2402 test with 10 cycles 4 num procs
total time 0.161539555
communication, computation, gather (mem, comm)
0.017578125
0.128730297
0.015231133 (0.000101328, 0.015129805)
2014-10-27 21:23:17 UTC
2014-10-27 21:23:19 UTC
# cycles 10 size 2402 # initializations 36 # procs 16
Using non-blocking sends and receives
Reorder enabled
Using 4x4 cartesian grid
cycle 0
results for size 2402 test with 10 cycles 16 num procs
total time 1.468625546
communication, computation, gather (mem, comm)
0.258118153
0.018095732
1.192411661 (0.000194311, 1.192217350)
2014-10-27 21:23:21 UTC
2014-10-27 21:23:28 UTC
# cycles 10 size 2402 # initializations 36 # procs 16
Using non-blocking sends and receives
Reorder enabled
Using 4x4 cartesian grid
cycle 0
results for size 2402 test with 10 cycles 16 num procs
total time 1.125935555
communication, computation, gather (mem, comm)
0.199289322
0.035076618
0.891569614 (0.000075579, 0.891494036)
2014-10-27 21:23:31 UTC
2014-10-27 21:23:38 UTC
# cycles 10 size 2402 # initializations 36 # procs 16
Using non-blocking sends and receives
Reorder enabled
Using 4x4 cartesian grid
cycle 0
results for size 2402 test with 10 cycles 16 num procs
total time 1.303806305
communication, computation, gather (mem, comm)
0.277098179
0.018681049
1.008027077 (0.000064373, 1.007962704)
2014-10-27 21:23:40 UTC
2014-10-27 21:23:47 UTC
# cycles 10 size 2402 # initializations 36 # procs 16
Using non-blocking sends and receives
Reorder enabled
Using 4x4 cartesian grid
cycle 0
results for size 2402 test with 10 cycles 16 num procs
total time 1.243142605
communication, computation, gather (mem, comm)
0.201712608
0.073667526
0.967762470 (0.000184774, 0.967577696)
2014-10-27 21:23:50 UTC
2014-10-27 21:23:57 UTC
# cycles 10 size 2402 # initializations 36 # procs 16
Using non-blocking sends and receives
Reorder enabled
Using 4x4 cartesian grid
cycle 0
results for size 2402 test with 10 cycles 16 num procs
total time 0.871355057
communication, computation, gather (mem, comm)
0.228367329
0.017970800
0.625016928 (0.000018358, 0.624998569)
2014-10-27 21:23:59 UTC
2014-10-27 21:24:06 UTC
# cycles 10 size 3202 # initializations 36 # procs 1
Using non-blocking sends and receives
Reorder enabled
Using 1x1 cartesian grid
cycle 0
results for size 3202 test with 10 cycles 1 num procs
total time 0.290817499
communication, computation, gather (mem, comm)
0.000677586
0.267986774
0.022153139 (0.001108646, 0.021044493)
2014-10-27 21:24:07 UTC
2014-10-27 21:24:09 UTC
# cycles 10 size 3202 # initializations 36 # procs 1
Using non-blocking sends and receives
Reorder enabled
Using 1x1 cartesian grid
cycle 0
results for size 3202 test with 10 cycles 1 num procs
total time 0.265833855
communication, computation, gather (mem, comm)
0.000272989
0.242856741
0.022704124 (0.000292063, 0.022412062)
2014-10-27 21:24:10 UTC
2014-10-27 21:24:12 UTC
# cycles 10 size 3202 # initializations 36 # procs 1
Using non-blocking sends and receives
Reorder enabled
Using 1x1 cartesian grid
cycle 0
results for size 3202 test with 10 cycles 1 num procs
total time 0.269383192
communication, computation, gather (mem, comm)
0.000235319
0.249388218
0.019759655 (0.000302553, 0.019457102)
2014-10-27 21:24:12 UTC
2014-10-27 21:24:14 UTC
# cycles 10 size 3202 # initializations 36 # procs 1
Using non-blocking sends and receives
Reorder enabled
Using 1x1 cartesian grid
cycle 0
results for size 3202 test with 10 cycles 1 num procs
total time 0.278859138
communication, computation, gather (mem, comm)
0.000275850
0.257695436
0.020887852 (0.000296831, 0.020591021)
2014-10-27 21:24:15 UTC
2014-10-27 21:24:17 UTC
# cycles 10 size 3202 # initializations 36 # procs 1
Using non-blocking sends and receives
Reorder enabled
Using 1x1 cartesian grid
cycle 0
results for size 3202 test with 10 cycles 1 num procs
total time 0.270394325
communication, computation, gather (mem, comm)
0.000176191
0.248383045
0.021835089 (0.000265598, 0.021569490)
2014-10-27 21:24:17 UTC
2014-10-27 21:24:19 UTC
# cycles 10 size 3202 # initializations 36 # procs 4
Using non-blocking sends and receives
Reorder enabled
Using 2x2 cartesian grid
cycle 0
results for size 3202 test with 10 cycles 4 num procs
total time 0.293593645
communication, computation, gather (mem, comm)
0.021027565
0.243232489
0.029333591 (0.000303745, 0.029029846)
2014-10-27 21:24:20 UTC
2014-10-27 21:24:23 UTC
# cycles 10 size 3202 # initializations 36 # procs 4
Using non-blocking sends and receives
Reorder enabled
Using 2x2 cartesian grid
cycle 0
results for size 3202 test with 10 cycles 4 num procs
total time 0.283092976
communication, computation, gather (mem, comm)
0.002083540
0.250939369
0.030070066 (0.000234127, 0.029835939)
2014-10-27 21:24:23 UTC
2014-10-27 21:24:26 UTC
# cycles 10 size 3202 # initializations 36 # procs 4
Using non-blocking sends and receives
Reorder enabled
Using 2x2 cartesian grid
cycle 0
results for size 3202 test with 10 cycles 4 num procs
total time 0.278697729
communication, computation, gather (mem, comm)
0.004177809
0.246566057
0.027953863 (0.000319242, 0.027634621)
2014-10-27 21:24:26 UTC
2014-10-27 21:24:29 UTC
# cycles 10 size 3202 # initializations 36 # procs 4
Using non-blocking sends and receives
Reorder enabled
Using 2x2 cartesian grid
cycle 0
results for size 3202 test with 10 cycles 4 num procs
total time 0.260658264
communication, computation, gather (mem, comm)
0.001968384
0.230117559
0.028572321 (0.000252724, 0.028319597)
2014-10-27 21:24:29 UTC
2014-10-27 21:24:33 UTC
# cycles 10 size 3202 # initializations 36 # procs 4
Using non-blocking sends and receives
Reorder enabled
Using 2x2 cartesian grid
cycle 0
results for size 3202 test with 10 cycles 4 num procs
total time 0.306924820
communication, computation, gather (mem, comm)
0.031965017
0.246756077
0.028203726 (0.000218153, 0.027985573)
2014-10-27 21:24:33 UTC
2014-10-27 21:24:41 UTC
# cycles 10 size 3202 # initializations 36 # procs 16
Using non-blocking sends and receives
Reorder enabled
Using 4x4 cartesian grid
cycle 0
results for size 3202 test with 10 cycles 16 num procs
total time 2.350921631
communication, computation, gather (mem, comm)
0.200123787
0.099166393
2.051631451 (0.000213385, 2.051418066)
2014-10-27 21:24:46 UTC
2014-10-27 21:24:58 UTC
# cycles 10 size 3202 # initializations 36 # procs 16
Using non-blocking sends and receives
Reorder enabled
Using 4x4 cartesian grid
cycle 0
results for size 3202 test with 10 cycles 16 num procs
total time 2.638999462
communication, computation, gather (mem, comm)
0.200872660
0.074025869
2.364100933 (0.000260830, 2.363840103)
2014-10-27 21:25:03 UTC
2014-10-27 21:25:15 UTC
# cycles 10 size 3202 # initializations 36 # procs 16
Using non-blocking sends and receives
Reorder enabled
Using 4x4 cartesian grid
cycle 0
results for size 3202 test with 10 cycles 16 num procs
total time 2.217371225
communication, computation, gather (mem, comm)
0.124480247
0.120875359
1.972015619 (0.000123739, 1.971891880)
2014-10-27 21:25:20 UTC
2014-10-27 21:25:33 UTC
# cycles 10 size 3202 # initializations 36 # procs 16
Using non-blocking sends and receives
Reorder enabled
Using 4x4 cartesian grid
cycle 0
results for size 3202 test with 10 cycles 16 num procs
total time 2.460786819
communication, computation, gather (mem, comm)
0.210726261
0.081131220
2.168929338 (0.000096321, 2.168833017)
2014-10-27 21:25:37 UTC
2014-10-27 21:25:49 UTC
# cycles 10 size 3202 # initializations 36 # procs 16
Using non-blocking sends and receives
Reorder enabled
Using 4x4 cartesian grid
cycle 0
results for size 3202 test with 10 cycles 16 num procs
total time 2.126050949
communication, computation, gather (mem, comm)
0.145779610
0.104212761
1.876058578 (0.000087738, 1.875970840)
2014-10-27 21:25:53 UTC
2014-10-27 21:26:07 UTC
# cycles 10 size 4802 # initializations 36 # procs 1
Using non-blocking sends and receives
Reorder enabled
Using 1x1 cartesian grid
cycle 0
results for size 4802 test with 10 cycles 1 num procs
total time 0.687582016
communication, computation, gather (mem, comm)
0.000166416
0.625452280
0.061963320 (0.000284910, 0.061678410)
2014-10-27 21:26:08 UTC
2014-10-27 21:26:23 UTC
# cycles 10 size 4802 # initializations 36 # procs 1
Using non-blocking sends and receives
Reorder enabled
Using 1x1 cartesian grid
cycle 0
results for size 4802 test with 10 cycles 1 num procs
total time 0.570999384
communication, computation, gather (mem, comm)
0.000190258
0.525319576
0.045489550 (0.000452757, 0.045036793)
2014-10-27 21:26:23 UTC
2014-10-27 21:26:38 UTC
# cycles 10 size 4802 # initializations 36 # procs 1
Using non-blocking sends and receives
Reorder enabled
Using 1x1 cartesian grid
cycle 0
results for size 4802 test with 10 cycles 1 num procs
total time 0.593805552
communication, computation, gather (mem, comm)
0.000222921
0.544880152
0.048702478 (0.000574589, 0.048127890)
2014-10-27 21:26:38 UTC
2014-10-27 21:26:58 UTC
# cycles 10 size 4802 # initializations 36 # procs 1
Using non-blocking sends and receives
Reorder enabled
Using 1x1 cartesian grid
cycle 0
results for size 4802 test with 10 cycles 1 num procs
total time 0.577587843
communication, computation, gather (mem, comm)
0.000339270
0.523606777
0.053641796 (0.000270128, 0.053371668)
2014-10-27 21:26:59 UTC
2014-10-27 21:27:16 UTC
# cycles 10 size 4802 # initializations 36 # procs 1
Using non-blocking sends and receives
Reorder enabled
Using 1x1 cartesian grid
cycle 0
results for size 4802 test with 10 cycles 1 num procs
total time 0.632170677
communication, computation, gather (mem, comm)
0.000154257
0.587610006
0.044406414 (0.000451803, 0.043954611)
2014-10-27 21:27:16 UTC
2014-10-27 21:27:40 UTC
# cycles 10 size 4802 # initializations 36 # procs 4
Using non-blocking sends and receives
Reorder enabled
Using 2x2 cartesian grid
cycle 0
results for size 4802 test with 10 cycles 4 num procs
total time 0.602650642
communication, computation, gather (mem, comm)
0.055896997
0.479505539
0.067248106 (0.000394344, 0.066853762)
2014-10-27 21:27:40 UTC
2014-10-27 21:28:01 UTC
# cycles 10 size 4802 # initializations 36 # procs 4
Using non-blocking sends and receives
Reorder enabled
Using 2x2 cartesian grid
cycle 0
results for size 4802 test with 10 cycles 4 num procs
total time 0.633709431
communication, computation, gather (mem, comm)
0.076072454
0.491717100
0.065919876 (0.000294924, 0.065624952)
2014-10-27 21:28:02 UTC
2014-10-27 21:28:20 UTC
# cycles 10 size 4802 # initializations 36 # procs 4
Using non-blocking sends and receives
Reorder enabled
Using 2x2 cartesian grid
cycle 0
results for size 4802 test with 10 cycles 4 num procs
total time 0.614898205
communication, computation, gather (mem, comm)
0.034387589
0.516430616
0.064080000 (0.000450373, 0.063629627)
2014-10-27 21:28:21 UTC
2014-10-27 21:28:34 UTC
# cycles 10 size 4802 # initializations 36 # procs 4
Using non-blocking sends and receives
Reorder enabled
Using 2x2 cartesian grid
cycle 0
results for size 4802 test with 10 cycles 4 num procs
total time 0.684725761
communication, computation, gather (mem, comm)
0.019515038
0.583838463
0.081372261 (0.000411034, 0.080961227)
2014-10-27 21:28:35 UTC
2014-10-27 21:28:48 UTC
# cycles 10 size 4802 # initializations 36 # procs 4
Using non-blocking sends and receives
Reorder enabled
Using 2x2 cartesian grid
cycle 0
results for size 4802 test with 10 cycles 4 num procs
total time 0.622670174
communication, computation, gather (mem, comm)
0.002877235
0.550121069
0.069671869 (0.000423670, 0.069248199)
2014-10-27 21:28:49 UTC
2014-10-27 21:29:09 UTC
# cycles 10 size 4802 # initializations 36 # procs 16
Using non-blocking sends and receives
Reorder enabled
Using 4x4 cartesian grid
cycle 0
results for size 4802 test with 10 cycles 16 num procs
total time 6.251166582
communication, computation, gather (mem, comm)
0.066265345
0.446737051
5.738164186 (0.000128508, 5.738035679)
2014-10-27 21:29:20 UTC
2014-10-27 21:29:55 UTC
# cycles 10 size 4802 # initializations 36 # procs 16
Using non-blocking sends and receives
Reorder enabled
Using 4x4 cartesian grid
cycle 0
results for size 4802 test with 10 cycles 16 num procs
total time 5.014569283
communication, computation, gather (mem, comm)
0.179438829
0.372672081
4.462458372 (0.000122786, 4.462335587)
2014-10-27 21:30:05 UTC
2014-10-27 21:30:31 UTC
# cycles 10 size 4802 # initializations 36 # procs 16
Using non-blocking sends and receives
Reorder enabled
Using 4x4 cartesian grid
cycle 0
results for size 4802 test with 10 cycles 16 num procs
total time 6.447221994
communication, computation, gather (mem, comm)
0.100850821
0.391992331
5.954378843 (0.000216722, 5.954162121)
2014-10-27 21:30:43 UTC
2014-10-27 21:31:19 UTC
# cycles 10 size 4802 # initializations 36 # procs 16
Using non-blocking sends and receives
Reorder enabled
Using 4x4 cartesian grid
cycle 0
results for size 4802 test with 10 cycles 16 num procs
total time 4.517226219
communication, computation, gather (mem, comm)
0.071667194
0.477355719
3.968203306 (0.000116110, 3.968087196)
2014-10-27 21:31:27 UTC
2014-10-27 21:31:57 UTC
# cycles 10 size 4802 # initializations 36 # procs 16
Using non-blocking sends and receives
Reorder enabled
Using 4x4 cartesian grid
cycle 0
results for size 4802 test with 10 cycles 16 num procs
total time 4.908161879
communication, computation, gather (mem, comm)
0.071064472
0.430294752
4.406802654 (0.000239372, 4.406563282)
2014-10-27 21:32:07 UTC
